// Jest Snapshot v1, https://goo.gl/fbAQLP

exports[`should render RegisterConfirmPage correctly 1`] = `
<Fragment>
  <HelmetWrapper
    defaultTitle="Register Confirm Page"
    defer={true}
    encodeSpecialCharacters={true}
    titleTemplate="Register Confirm Page"
  >
    <meta
      content="Register Confirm Page"
      name="description"
    />
  </HelmetWrapper>
  <PageHeading
    title="Register Confirm Page"
  />
</Fragment>
`;
